// Jest Snapshot v1, https://goo.gl/fbAQLP

exports[`FlightsList list snapshot 1`] = `
Object {
  "asFragment": [Function],
  "baseElement": <body>
    <div>
      <ul
        class="flights-table__list"
      >
        <li
          class="flights-table__item"
        >
          <div
            class="terminal-field item-slot"
          >
            B
          </div>
          <div
            class="time-field item-slot"
          />
          <div
            class="way-field item-slot"
          />
          <div
            class="status-field item-slot"
          >
            Planed at undefined
          </div>
          <div
            class="company-name item-slot"
          >
            <div
              class="logo"
            >
              <img
                alt="LOT"
              />
            </div>
            <p />
          </div>
          <div
            class="flight-field item-slot"
          />
          <div
            class="details-field item-slot"
          >
            <a
              href="/departures/2000043798526?dt=11-01-2022"
            >
              flight details
            </a>
          </div>
        </li>
        <li
          class="flights-table__item"
        >
          <div
            class="terminal-field item-slot"
          >
            A
          </div>
          <div
            class="time-field item-slot"
          />
          <div
            class="way-field item-slot"
          />
          <div
            class="status-field item-slot"
          >
            Planed at undefined
          </div>
          <div
            class="company-name item-slot"
          >
            <div
              class="logo"
            >
              <img
                alt="LOT"
              />
            </div>
            <p />
          </div>
          <div
            class="flight-field item-slot"
          />
          <div
            class="details-field item-slot"
          >
            <a
              href="/departures/2000043798526?dt=11-01-2022"
            >
              flight details
            </a>
          </div>
        </li>
        <li
          class="flights-table__item"
        >
          <div
            class="terminal-field item-slot"
          >
            C
          </div>
          <div
            class="time-field item-slot"
          />
          <div
            class="way-field item-slot"
          />
          <div
            class="status-field item-slot"
          >
            Planed at undefined
          </div>
          <div
            class="company-name item-slot"
          >
            <div
              class="logo"
            >
              <img
                alt="LOT"
              />
            </div>
            <p />
          </div>
          <div
            class="flight-field item-slot"
          />
          <div
            class="details-field item-slot"
          >
            <a
              href="/departures/2000043798526?dt=11-01-2022"
            >
              flight details
            </a>
          </div>
        </li>
      </ul>
    </div>
  </body>,
  "container": <div>
    <ul
      class="flights-table__list"
    >
      <li
        class="flights-table__item"
      >
        <div
          class="terminal-field item-slot"
        >
          B
        </div>
        <div
          class="time-field item-slot"
        />
        <div
          class="way-field item-slot"
        />
        <div
          class="status-field item-slot"
        >
          Planed at undefined
        </div>
        <div
          class="company-name item-slot"
        >
          <div
            class="logo"
          >
            <img
              alt="LOT"
            />
          </div>
          <p />
        </div>
        <div
          class="flight-field item-slot"
        />
        <div
          class="details-field item-slot"
        >
          <a
            href="/departures/2000043798526?dt=11-01-2022"
          >
            flight details
          </a>
        </div>
      </li>
      <li
        class="flights-table__item"
      >
        <div
          class="terminal-field item-slot"
        >
          A
        </div>
        <div
          class="time-field item-slot"
        />
        <div
          class="way-field item-slot"
        />
        <div
          class="status-field item-slot"
        >
          Planed at undefined
        </div>
        <div
          class="company-name item-slot"
        >
          <div
            class="logo"
          >
            <img
              alt="LOT"
            />
          </div>
          <p />
        </div>
        <div
          class="flight-field item-slot"
        />
        <div
          class="details-field item-slot"
        >
          <a
            href="/departures/2000043798526?dt=11-01-2022"
          >
            flight details
          </a>
        </div>
      </li>
      <li
        class="flights-table__item"
      >
        <div
          class="terminal-field item-slot"
        >
          C
        </div>
        <div
          class="time-field item-slot"
        />
        <div
          class="way-field item-slot"
        />
        <div
          class="status-field item-slot"
        >
          Planed at undefined
        </div>
        <div
          class="company-name item-slot"
        >
          <div
            class="logo"
          >
            <img
              alt="LOT"
            />
          </div>
          <p />
        </div>
        <div
          class="flight-field item-slot"
        />
        <div
          class="details-field item-slot"
        >
          <a
            href="/departures/2000043798526?dt=11-01-2022"
          >
            flight details
          </a>
        </div>
      </li>
    </ul>
  </div>,
  "debug": [Function],
  "findAllByAltText": [Function],
  "findAllByDisplayValue": [Function],
  "findAllByLabelText": [Function],
  "findAllByPlaceholderText": [Function],
  "findAllByRole": [Function],
  "findAllByTestId": [Function],
  "findAllByText": [Function],
  "findAllByTitle": [Function],
  "findByAltText": [Function],
  "findByDisplayValue": [Function],
  "findByLabelText": [Function],
  "findByPlaceholderText": [Function],
  "findByRole": [Function],
  "findByTestId": [Function],
  "findByText": [Function],
  "findByTitle": [Function],
  "getAllByAltText": [Function],
  "getAllByDisplayValue": [Function],
  "getAllByLabelText": [Function],
  "getAllByPlaceholderText": [Function],
  "getAllByRole": [Function],
  "getAllByTestId": [Function],
  "getAllByText": [Function],
  "getAllByTitle": [Function],
  "getByAltText": [Function],
  "getByDisplayValue": [Function],
  "getByLabelText": [Function],
  "getByPlaceholderText": [Function],
  "getByRole": [Function],
  "getByTestId": [Function],
  "getByText": [Function],
  "getByTitle": [Function],
  "queryAllByAltText": [Function],
  "queryAllByDisplayValue": [Function],
  "queryAllByLabelText": [Function],
  "queryAllByPlaceholderText": [Function],
  "queryAllByRole": [Function],
  "queryAllByTestId": [Function],
  "queryAllByText": [Function],
  "queryAllByTitle": [Function],
  "queryByAltText": [Function],
  "queryByDisplayValue": [Function],
  "queryByLabelText": [Function],
  "queryByPlaceholderText": [Function],
  "queryByRole": [Function],
  "queryByTestId": [Function],
  "queryByText": [Function],
  "queryByTitle": [Function],
  "rerender": [Function],
  "unmount": [Function],
}
`;
